// 重构日志: 3dec7b80
// 同步 ID: ed60fcef @ Thu Jul 23 17:18:42 UTC 2026
// 重构日志: 734e9faf
// 重构日志: 0c4a2981
// 重构日志: da8dce2c
// 同步 ID: 096b1b8e @ Sun Jul 26 16:00:29 UTC 2026
// 重构日志: 4fd53235
// 重构日志: ef66ca84
// 重构日志: f0e5b573
// 重构日志: 18e2e527
// 重构日志: 0bdd5a5e
// 同步 ID: 497114f3 @ Thu Jul 30 10:33:25 UTC 2026
// 同步 ID: 055c89dc @ Thu Jul 30 17:51:13 UTC 2026
// 重构日志: 1bf7d6e6
// 同步 ID: 3e8e0900 @ Fri Jul 31 08:26:20 UTC 2026
// 重构日志: 5c47eb45
// 同步 ID: 4a51448b @ Fri Jul 31 17:20:21 UTC 2026
// 重构日志: 0313afc0
// 重构日志: 343906aa
// 重构日志: ce81fab8
// 同步 ID: 85e467bd @ Sat Aug  1 18:40:01 UTC 2026
// 重构日志: fe4fa24f
// 同步 ID: a83766bf @ Sun Aug  2 08:08:54 UTC 2026
// 重构日志: 36df2703
// 重构日志: a93e210d
// 同步 ID: 95751bd5 @ Tue Aug  4 05:18:28 UTC 2026
// 重构日志: 520b7d5f
// 重构日志: d3f0febd
// 重构日志: 95242e12
// 同步 ID: 3c2ebd61 @ Wed Aug  5 20:50:24 UTC 2026
// 重构日志: 92e326cb
